@@START Hutao
@@OK Hutao 1940102.111020 291744.678349 6.650000
@@START Charlotte
@@OK Charlotte 134980.783481 13233.410145 10.200000
@@START Wriothesley
@@OK Wriothesley 3287262.139617 418759.508231 7.850000
@@START Freminet
@@OK Freminet 789715.607362 124364.662577 6.350000
@@START Lyney
@@OK Lyney 289714.356360 42294.066622 6.850000
@@START Lynette
@@OK Lynette 534579.021077 49043.946888 10.900000
@@START Baizhu
@@OK Baizhu 11239.660800 826.445647 13.600000
@@START Kaveh
@@OK Kaveh 17623.283089 4637.706076 3.800000
@@START Mika
@@OK Mika 3230.365819 1700.192536 1.900000
@@START Dehya
@@OK Dehya 548605.668832 31803.227179 17.250000
